// Jest Snapshot v1, https://goo.gl/fbAQLP

exports[`Cart component Renders cart on page 1`] = `
<div>
  <div
    aria-describedby="modal"
    id="cart"
    role="cart"
  >
    <div
      id="cart-header"
    >
      <h3>
        Shopping Cart
      </h3>
    </div>
    <div>
      <div
        class="cart-item"
      >
        <div
          class="cart-picture"
          style="background-image: url(url1); background-size: contain; background-repeat: no-repeat;"
        />
        <div
          class="cart-item-info"
        >
          <h4
            class="item-name"
          >
            name1
          </h4>
          <h4
            class="price"
          >
            $
            10
          </h4>
          <div
            class="counter"
          >
            <input
              class="item-counter"
              type="input"
              value=""
            />
            <div
              class="item-quantity"
            >
              <button
                class="add"
              >
                +
              </button>
              <button
                class="remove"
              >
                -
              </button>
            </div>
          </div>
        </div>
      </div>
    </div>
    <div>
      <div
        class="cart-item"
      >
        <div
          class="cart-picture"
          style="background-image: url(url2); background-size: contain; background-repeat: no-repeat;"
        />
        <div
          class="cart-item-info"
        >
          <h4
            class="item-name"
          >
            name2
          </h4>
          <h4
            class="price"
          >
            $
            10
          </h4>
          <div
            class="counter"
          >
            <input
              class="item-counter"
              type="input"
              value=""
            />
            <div
              class="item-quantity"
            >
              <button
                class="add"
              >
                +
              </button>
              <button
                class="remove"
              >
                -
              </button>
            </div>
          </div>
        </div>
      </div>
    </div>
    <div>
      <div
        class="cart-item"
      >
        <div
          class="cart-picture"
          style="background-image: url(url3); background-size: contain; background-repeat: no-repeat;"
        />
        <div
          class="cart-item-info"
        >
          <h4
            class="item-name"
          >
            name3
          </h4>
          <h4
            class="price"
          >
            $
            10
          </h4>
          <div
            class="counter"
          >
            <input
              class="item-counter"
              type="input"
              value=""
            />
            <div
              class="item-quantity"
            >
              <button
                class="add"
              >
                +
              </button>
              <button
                class="remove"
              >
                -
              </button>
            </div>
          </div>
        </div>
      </div>
    </div>
    <div
      aria-label="total"
      id="total"
    >
      Total: $
      0
    </div>
    <button
      id="checkout"
    >
      Checkout
    </button>
  </div>
</div>
`;
